animeface_2009
Original:        114
Recognized:      95
Valid:           82
Unrecognized:    19
[0,27,29,31,36,42,50,58,67,71,72,78,82,104,106,107,108,109,110]
Percent Valid:   71.9%
